
Allocating common symbols
Common symbol       size              file

pf_alarm_state      0x4               Alarm.o
alarm_state_id      0x1               Alarm.o

Memory Configuration

Name             Origin             Length             Attributes
flash            0x08000000         0x00020000         xr
sram             0x20000000         0x00005000         xrw
*default*        0x00000000         0xffffffff

Linker script and memory map


.text           0x08000000      0x44c
 *(.vectors*)
 .vectors       0x08000000       0x1c startup.o
                0x08000000                vectors
 *(.text)
 .text          0x0800001c      0x108 Alarm.o
                0x0800001c                Alarm_init
                0x08000048                ST_ALARM_WAITING
                0x0800009c                ST_ALARM_ON
                0x080000d4                ST_ALARM_OFF
                0x08000104                set_alarm_state
 .text          0x08000124       0x70 Algorithm.o
                0x08000124                ST_ALGO_PREESURE_DETECTION
                0x08000174                set_pressure
 .text          0x08000194      0x10c driver.o
                0x08000194                Delay
                0x080001b8                getPressureVal
                0x080001d0                Set_Alarm_actuator
                0x08000220                GPIO_INITIALIZATION
 .text          0x080002a0       0x38 main.o
                0x080002a0                main
 .text          0x080002d8       0xb0 PressureSensor.o
                0x080002d8                P_Sensor_init
                0x08000304                ST_PS_READING
                0x08000358                ST_PS_WAITING
 .text          0x08000388       0xc4 startup.o
                0x08000388                Reset_Handler
                0x08000440                MM_Fault_Handler
                0x08000440                H_Fault_Handler
                0x08000440                Bus_Fault
                0x08000440                Default_Handler
                0x08000440                Usage_Fault_Handler
                0x08000440                NMI_Handler
 *(.rodata)
                0x0800044c                _E_text = .

.glue_7         0x0800044c        0x0
 .glue_7        0x00000000        0x0 linker stubs

.glue_7t        0x0800044c        0x0
 .glue_7t       0x00000000        0x0 linker stubs

.vfp11_veneer   0x0800044c        0x0
 .vfp11_veneer  0x00000000        0x0 linker stubs

.v4_bx          0x0800044c        0x0
 .v4_bx         0x00000000        0x0 linker stubs

.iplt           0x0800044c        0x0
 .iplt          0x00000000        0x0 Alarm.o

.rel.dyn        0x0800044c        0x0
 .rel.iplt      0x00000000        0x0 Alarm.o

.data           0x20000000        0xc load address 0x0800044c
                0x20000000                _S_data = .
 *(.data)
 .data          0x20000000        0x0 Alarm.o
 .data          0x20000000        0x8 Algorithm.o
                0x20000004                pf_algo_state
 .data          0x20000008        0x0 driver.o
 .data          0x20000008        0x0 main.o
 .data          0x20000008        0x4 PressureSensor.o
                0x20000008                pf_ps_state
 .data          0x2000000c        0x0 startup.o
                0x2000000c                . = ALIGN (0x4)
                0x2000000c                _E_data = .

.igot.plt       0x2000000c        0x0 load address 0x08000458
 .igot.plt      0x00000000        0x0 Alarm.o

.bss            0x2000000c     0x1019 load address 0x08000458
                0x2000000c                _S_bss = .
 *(.bss)
 .bss           0x2000000c        0x4 Alarm.o
 .bss           0x20000010        0x8 Algorithm.o
 .bss           0x20000018        0x0 driver.o
 .bss           0x20000018        0x0 main.o
 .bss           0x20000018        0x8 PressureSensor.o
 .bss           0x20000020        0x0 startup.o
                0x20000020                . = ALIGN (0x4)
                0x20000020                _E_bss = .
                0x20001020                . = (. + 0x1000)
 *fill*         0x20000020     0x1000 
                0x20001020                _stack_top = .
 COMMON         0x20001020        0x5 Alarm.o
                0x20001020                pf_alarm_state
                0x20001024                alarm_state_id
LOAD Alarm.o
LOAD Algorithm.o
LOAD driver.o
LOAD main.o
LOAD PressureSensor.o
LOAD startup.o
OUTPUT(output.elf elf32-littlearm)

.debug_info     0x00000000      0x6b9
 .debug_info    0x00000000      0x15b Alarm.o
 .debug_info    0x0000015b      0x11f Algorithm.o
 .debug_info    0x0000027a      0x103 driver.o
 .debug_info    0x0000037d       0xc2 main.o
 .debug_info    0x0000043f      0x116 PressureSensor.o
 .debug_info    0x00000555      0x164 startup.o

.debug_abbrev   0x00000000      0x3fb
 .debug_abbrev  0x00000000       0xd4 Alarm.o
 .debug_abbrev  0x000000d4       0xbc Algorithm.o
 .debug_abbrev  0x00000190       0x9d driver.o
 .debug_abbrev  0x0000022d       0x63 main.o
 .debug_abbrev  0x00000290       0xab PressureSensor.o
 .debug_abbrev  0x0000033b       0xc0 startup.o

.debug_loc      0x00000000      0x328
 .debug_loc     0x00000000       0xe8 Alarm.o
 .debug_loc     0x000000e8       0x64 Algorithm.o
 .debug_loc     0x0000014c       0xc8 driver.o
 .debug_loc     0x00000214       0x2c main.o
 .debug_loc     0x00000240       0x84 PressureSensor.o
 .debug_loc     0x000002c4       0x64 startup.o

.debug_aranges  0x00000000       0xc0
 .debug_aranges
                0x00000000       0x20 Alarm.o
 .debug_aranges
                0x00000020       0x20 Algorithm.o
 .debug_aranges
                0x00000040       0x20 driver.o
 .debug_aranges
                0x00000060       0x20 main.o
 .debug_aranges
                0x00000080       0x20 PressureSensor.o
 .debug_aranges
                0x000000a0       0x20 startup.o

.debug_line     0x00000000      0x2b8
 .debug_line    0x00000000       0x62 Alarm.o
 .debug_line    0x00000062       0x5d Algorithm.o
 .debug_line    0x000000bf       0x99 driver.o
 .debug_line    0x00000158       0x79 main.o
 .debug_line    0x000001d1       0x61 PressureSensor.o
 .debug_line    0x00000232       0x86 startup.o

.debug_str      0x00000000      0x2b7
 .debug_str     0x00000000      0x106 Alarm.o
                                0x16c (size before relaxing)
 .debug_str     0x00000106       0x6d Algorithm.o
                                0x14d (size before relaxing)
 .debug_str     0x00000173       0x55 driver.o
                                0x11d (size before relaxing)
 .debug_str     0x000001c8       0x18 main.o
                                 0xfd (size before relaxing)
 .debug_str     0x000001e0       0x51 PressureSensor.o
                                0x140 (size before relaxing)
 .debug_str     0x00000231       0x86 startup.o
                                0x137 (size before relaxing)

.comment        0x00000000       0x11
 .comment       0x00000000       0x11 Alarm.o
                                 0x12 (size before relaxing)
 .comment       0x00000000       0x12 Algorithm.o
 .comment       0x00000000       0x12 driver.o
 .comment       0x00000000       0x12 main.o
 .comment       0x00000000       0x12 PressureSensor.o
 .comment       0x00000000       0x12 startup.o

.ARM.attributes
                0x00000000       0x33
 .ARM.attributes
                0x00000000       0x33 Alarm.o
 .ARM.attributes
                0x00000033       0x33 Algorithm.o
 .ARM.attributes
                0x00000066       0x33 driver.o
 .ARM.attributes
                0x00000099       0x33 main.o
 .ARM.attributes
                0x000000cc       0x33 PressureSensor.o
 .ARM.attributes
                0x000000ff       0x33 startup.o

.debug_frame    0x00000000      0x230
 .debug_frame   0x00000000       0x98 Alarm.o
 .debug_frame   0x00000098       0x48 Algorithm.o
 .debug_frame   0x000000e0       0x78 driver.o
 .debug_frame   0x00000158       0x2c main.o
 .debug_frame   0x00000184       0x60 PressureSensor.o
 .debug_frame   0x000001e4       0x4c startup.o
